[13:46:02] rep 1 sinatra rate 0: reads 12648 {'200': 252980} err 0 posts None
[13:46:36] rep 1 sinatra rate 20: reads 12206 {'200': 244136} err 0 posts (20.0, {'200': 520}, 'err', 0, 'p50', 2.31)
[13:47:09] rep 1 sinatra rate 100: reads 8803 {'200': 176072} err 0 posts (100.0, {'200': 2600}, 'err', 0, 'p50', 2.33)
[13:47:36] rep 1 rage rate 0: reads 9982 {'200': 199673} err 0 posts None
[13:48:10] rep 1 rage rate 20: reads 9333 {'200': 186703} err 0 posts (20.0, {'200': 520}, 'err', 0, 'p50', 3.05)
[13:48:43] rep 1 rage rate 100: reads 6697 {'200': 133961} err 0 posts (100.0, {'200': 2600}, 'err', 0, 'p50', 3.42)
[13:49:15] rep 1 rails-opt rate 0: reads 545 {'200': 10918} err 0 posts None
[13:49:54] rep 1 rails-opt rate 20: reads 442 {'200': 8847} err 0 posts (20.0, {'200': 520}, 'err', 0, 'p50', 21.09)
[13:50:32] rep 1 rails-opt rate 100: reads 212 {'200': 4280} err 0 posts (100.0, {'200': 2600}, 'err', 0, 'p50', 25.57)
[13:51:02] rep 1 reference rate 0: reads 226 {'200': 4529} err 0 posts None
[13:51:38] rep 1 reference rate 20: reads 224 {'200': 4506} err 0 posts (20.0, {'422': 520}, 'err', 0, 'p50', 9.39)
[13:52:14] rep 1 reference rate 100: reads 194 {'200': 3887} err 0 posts (100.0, {'422': 2600}, 'err', 0, 'p50', 10.86)
[13:52:48] rep 2 rage rate 20: reads 9309 {'200': 186208} err 0 posts (20.0, {'200': 520}, 'err', 0, 'p50', 3.39)
[13:53:21] rep 2 rage rate 100: reads 6753 {'200': 135089} err 0 posts (100.0, {'200': 2600}, 'err', 0, 'p50', 2.93)
[13:53:48] rep 2 rage rate 0: reads 10330 {'200': 206635} err 0 posts None
[13:54:27] rep 2 rails-opt rate 20: reads 430 {'200': 8622} err 0 posts (20.0, {'200': 520}, 'err', 0, 'p50', 23.47)
[13:55:05] rep 2 rails-opt rate 100: reads 208 {'200': 4200} err 0 posts (100.0, {'200': 2600}, 'err', 0, 'p50', 25.95)
[13:55:37] rep 2 rails-opt rate 0: reads 531 {'200': 10644} err 0 posts None
[13:56:13] rep 2 reference rate 20: reads 212 {'200': 4269} err 0 posts (20.0, {'422': 520}, 'err', 0, 'p50', 9.52)
[13:56:49] rep 2 reference rate 100: reads 191 {'200': 3832} err 0 posts (100.0, {'422': 2600}, 'err', 0, 'p50', 8.62)
[13:57:20] rep 2 reference rate 0: reads 228 {'200': 4573} err 0 posts None
[13:57:53] rep 2 sinatra rate 20: reads 12035 {'200': 240724} err 0 posts (20.0, {'200': 520}, 'err', 0, 'p50', 2.37)
[13:58:26] rep 2 sinatra rate 100: reads 8909 {'200': 178201} err 0 posts (100.0, {'200': 2600}, 'err', 0, 'p50', 2.24)
[13:58:53] rep 2 sinatra rate 0: reads 12774 {'200': 255503} err 0 posts None
[13:59:32] rep 3 rails-opt rate 100: reads 206 {'200': 4154} err 0 posts (99.9, {'200': 2600}, 'err', 0, 'p50', 23.79)
[14:00:04] rep 3 rails-opt rate 0: reads 537 {'200': 10770} err 0 posts None
[14:00:42] rep 3 rails-opt rate 20: reads 422 {'200': 8454} err 0 posts (20.0, {'200': 520}, 'err', 0, 'p50', 25.21)
[14:01:18] rep 3 reference rate 100: reads 205 {'200': 4110} err 0 posts (100.0, {'422': 2600}, 'err', 0, 'p50', 9.89)
[14:01:49] rep 3 reference rate 0: reads 229 {'200': 4592} err 0 posts None
[14:02:25] rep 3 reference rate 20: reads 214 {'200': 4307} err 0 posts (20.0, {'422': 520}, 'err', 0, 'p50', 10.29)
[14:02:58] rep 3 sinatra rate 100: reads 8980 {'200': 179625} err 0 posts (100.0, {'200': 2600}, 'err', 0, 'p50', 2.41)
[14:03:25] rep 3 sinatra rate 0: reads 12641 {'200': 252839} err 0 posts None
[14:03:59] rep 3 sinatra rate 20: reads 12096 {'200': 241968} err 0 posts (20.0, {'200': 520}, 'err', 0, 'p50', 2.25)
[14:04:32] rep 3 rage rate 100: reads 6632 {'200': 132653} err 0 posts (100.0, {'200': 2600}, 'err', 0, 'p50', 3.18)
[14:04:59] rep 3 rage rate 0: reads 10074 {'200': 201503} err 0 posts None
[14:05:33] rep 3 rage rate 20: reads 9301 {'200': 186045} err 0 posts (20.0, {'200': 520}, 'err', 0, 'p50', 3.44)
mixed-done
