candidate: reference :4111 vs candidate :4112 (seed first_run, clock frozen at 2026-03-02T16:00:00Z)
breakpoint widths: {"chromium":[799,800,801],"firefox":[960,961],"webkit":[959,960]}
16 cells (12 on shared servers, 4 on fresh servers in 3 slots) × 2 targets, 6 workers
[1/16] auth/first_run @ chromium-phone-light error: expected HTTP 200, got 500
[2/16] auth/first_run @ chromium-desktop-dark error: expected HTTP 200, got 500
[3/16] auth/first_run @ chromium-desktop-light error: expected HTTP 200, got 500
[4/16] auth/first_run @ chromium-phone-dark error: expected HTTP 200, got 500
[5/16] auth/first_run/from_sign_in @ chromium-desktop-light error: expected HTTP 200, got 500
[6/16] auth/first_run/from_sign_in @ chromium-desktop-dark error: expected HTTP 200, got 500
[7/16] auth/first_run/from_sign_in @ chromium-phone-light error: expected HTTP 200, got 500
[8/16] auth/first_run/from_sign_in @ chromium-phone-dark error: expected HTTP 200, got 500
[9/16] auth/first_run/completed @ chromium-phone-light error: step: #user_name not visible: not ready after 30000ms at http://localhost:3999/first_run: waiting for the step's element; settling
[10/16] auth/first_run/completed @ chromium-desktop-light error: step: #user_name not visible: not ready after 30000ms at http://localhost:3999/first_run: waiting for the step's element; settling
[11/16] auth/first_run/completed @ chromium-desktop-dark error: step: #user_name not visible: not ready after 30000ms at http://localhost:3999/first_run: waiting for the step's element; settling
[12/16] auth/first_run/filled @ chromium-desktop-light error: step: #user_name not visible: not ready after 30000ms at http://localhost:3999/first_run: waiting for the step's element; settling
[13/16] auth/first_run/filled @ chromium-desktop-dark error: step: #user_name not visible: not ready after 30000ms at http://localhost:3999/first_run: waiting for the step's element; settling
[14/16] auth/first_run/filled @ chromium-phone-light error: step: #user_name not visible: not ready after 30000ms at http://localhost:3999/first_run: waiting for the step's element; settling
[15/16] auth/first_run/filled @ chromium-phone-dark error: step: #user_name not visible: not ready after 30000ms at http://localhost:3999/first_run: waiting for the step's element; settling
[16/16] auth/first_run/completed @ chromium-phone-dark error: step: #user_name not visible: not ready after 30000ms at http://localhost:3999/first_run: waiting for the step's element; settling
16 cells: 0 pass (0 flaky), 0 fail, 0 allowed, 16 error in 162.0s
report: /opt/campfire-perf/once-campfire-rust/parity/out/sinatra-final-first_run/all/report.html
exit 1
