15:13:04 reference rep 1 start:  15:13:04 up 35 days, 17:33,  4 users,  load average: 0.21, 0.26, 0.20
15:16:50 reference rep 1 end:    15:16:50 up 35 days, 17:37,  6 users,  load average: 4.24, 2.28, 1.02
15:16:50 rails-opt rep 1 start:  15:16:50 up 35 days, 17:37,  6 users,  load average: 4.24, 2.28, 1.02
15:21:48 rails-opt rep 1 end:    15:21:48 up 35 days, 17:42,  6 users,  load average: 5.36, 3.42, 1.77
15:21:48 sinatra rep 1 start:  15:21:48 up 35 days, 17:42,  6 users,  load average: 5.36, 3.42, 1.77
15:26:49 sinatra rep 1 end:    15:26:49 up 35 days, 17:47,  6 users,  load average: 3.87, 3.13, 2.03
15:26:49 rage rep 1 start:  15:26:49 up 35 days, 17:47,  6 users,  load average: 3.87, 3.13, 2.03
15:31:31 rage rep 1 end:    15:31:31 up 35 days, 17:52,  6 users,  load average: 3.80, 3.07, 2.23
15:31:31 rage rep 2 start:  15:31:31 up 35 days, 17:52,  6 users,  load average: 3.80, 3.07, 2.23
15:36:14 rage rep 2 end:    15:36:14 up 35 days, 17:56,  6 users,  load average: 4.33, 3.28, 2.46
15:36:14 sinatra rep 2 start:  15:36:14 up 35 days, 17:56,  6 users,  load average: 4.33, 3.28, 2.46
15:41:05 sinatra rep 2 end:    15:41:05 up 35 days, 18:01,  7 users,  load average: 3.40, 2.94, 2.48
15:41:05 rails-opt rep 2 start:  15:41:05 up 35 days, 18:01,  7 users,  load average: 3.40, 2.94, 2.48
15:45:53 rails-opt rep 2 end:    15:45:53 up 35 days, 18:06,  7 users,  load average: 5.32, 3.53, 2.77
15:45:53 reference rep 2 start:  15:45:53 up 35 days, 18:06,  7 users,  load average: 5.32, 3.53, 2.77
15:50:59 reference rep 2 end:    15:50:59 up 35 days, 18:11,  7 users,  load average: 4.44, 3.31, 2.79
15:50:59 reference rep 3 start:  15:50:59 up 35 days, 18:11,  7 users,  load average: 4.44, 3.31, 2.79
15:55:55 reference rep 3 end:    15:55:55 up 35 days, 18:16,  7 users,  load average: 5.28, 3.53, 2.92
15:55:55 rails-opt rep 3 start:  15:55:55 up 35 days, 18:16,  7 users,  load average: 5.28, 3.53, 2.92
16:01:12 rails-opt rep 3 end:    16:01:12 up 35 days, 18:21,  7 users,  load average: 4.04, 3.26, 2.89
16:01:12 sinatra rep 3 start:  16:01:12 up 35 days, 18:21,  7 users,  load average: 4.04, 3.26, 2.89
16:06:14 sinatra rep 3 end:    16:06:14 up 35 days, 18:26,  7 users,  load average: 3.61, 3.00, 2.82
16:06:14 rage rep 3 start:  16:06:14 up 35 days, 18:26,  7 users,  load average: 3.61, 3.00, 2.82
16:10:56 rage rep 3 end:    16:10:56 up 35 days, 18:31,  7 users,  load average: 4.02, 3.17, 2.87
