21:58:45 puma-fixes rep 1 start:  21:58:45 up 34 days, 19 min,  3 users,  load average: 1.64, 0.37, 0.16
22:04:00 puma-fixes rep 1 end:    22:04:00 up 34 days, 24 min,  4 users,  load average: 5.01, 3.49, 1.59
22:04:00 falcon-fixes rep 1 start:  22:04:00 up 34 days, 24 min,  4 users,  load average: 5.01, 3.49, 1.59
22:10:29 falcon-fixes rep 1 end:    22:10:29 up 34 days, 31 min,  4 users,  load average: 5.03, 4.00, 2.34
22:10:29 puma-fixes-pg rep 1 start:  22:10:29 up 34 days, 31 min,  4 users,  load average: 5.03, 4.00, 2.34
22:16:53 puma-fixes-pg rep 1 end:    22:16:53 up 34 days, 37 min,  4 users,  load average: 5.67, 4.70, 3.11
22:16:53 falcon-fixes-pg rep 1 start:  22:16:53 up 34 days, 37 min,  4 users,  load average: 5.67, 4.70, 3.11
22:23:31 falcon-fixes-pg rep 1 end:    22:23:31 up 34 days, 44 min,  4 users,  load average: 5.73, 4.55, 3.41
22:23:31 falcon-fixes-pg rep 2 start:  22:23:31 up 34 days, 44 min,  4 users,  load average: 5.73, 4.55, 3.41
22:30:09 falcon-fixes-pg rep 2 end:    22:30:09 up 34 days, 50 min,  4 users,  load average: 3.40, 3.61, 3.27
22:30:09 puma-fixes-pg rep 2 start:  22:30:09 up 34 days, 50 min,  4 users,  load average: 3.40, 3.61, 3.27
22:36:04 puma-fixes-pg rep 2 end:    22:36:04 up 34 days, 56 min,  4 users,  load average: 4.85, 4.48, 3.72
22:36:04 falcon-fixes rep 2 start:  22:36:04 up 34 days, 56 min,  4 users,  load average: 4.85, 4.48, 3.72
22:42:33 falcon-fixes rep 2 end:    22:42:33 up 34 days,  1:03,  4 users,  load average: 5.30, 4.15, 3.68
22:42:33 puma-fixes rep 2 start:  22:42:33 up 34 days,  1:03,  4 users,  load average: 5.30, 4.15, 3.68
22:48:58 puma-fixes rep 2 end:    22:48:58 up 34 days,  1:09,  4 users,  load average: 5.39, 4.50, 3.88
22:48:58 puma-fixes rep 3 start:  22:48:58 up 34 days,  1:09,  4 users,  load average: 5.39, 4.50, 3.88
22:55:22 puma-fixes rep 3 end:    22:55:22 up 34 days,  1:15,  4 users,  load average: 5.09, 4.62, 4.03
22:55:22 falcon-fixes rep 3 start:  22:55:22 up 34 days,  1:15,  4 users,  load average: 5.09, 4.62, 4.03
23:01:49 falcon-fixes rep 3 end:    23:01:49 up 34 days,  1:22,  4 users,  load average: 5.29, 4.32, 3.95
23:01:49 puma-fixes-pg rep 3 start:  23:01:49 up 34 days,  1:22,  4 users,  load average: 5.29, 4.32, 3.95
23:08:13 puma-fixes-pg rep 3 end:    23:08:13 up 34 days,  1:28,  4 users,  load average: 5.83, 4.98, 4.25
23:08:13 falcon-fixes-pg rep 3 start:  23:08:13 up 34 days,  1:28,  4 users,  load average: 5.83, 4.98, 4.25
23:14:51 falcon-fixes-pg rep 3 end:    23:14:51 up 34 days,  1:35,  4 users,  load average: 4.11, 3.91, 3.89
