fatal: not a git repository (or any of the parent directories): .git
fatal: not a git repository (or any of the parent directories): .git
date: 2026-10-08T06:33:41+02:00
host: 6.8.0-137-generic, AMD Ryzen 7 PRO 8700GE w/ Radeon 780M Graphics, 16 threads, 61GB
server cpus: 4-7 (nproc 4); loadgen cpus: 0-3; network: host
env: WEB_CONCURRENCY=3 JOB_CONCURRENCY=3 RAILS_MAX_THREADS=5 WEB_CONCURRENCY=4 
rust extra env: 
user agent: (none)
roda image: campfire-roda:app sha256:e1c9836cfb6fc66661f7a59cf899e6cec80d07c49e4d9e285b8d69de71eca2ee 2026-10-08T02:24:48.338647722+02:00
rust image: campfire-rust:app sha256:ecb3890f2706b5cec162be650e18c22d15d1627382bdba574c36a123975fab8b 2026-10-07T16:29:31.789282932+02:00
reference image: campfire-reference:app sha256:0701d9b06ec642db9cdac8efc2854ba0e7f33d404af39d814acbc0d56323f6b0 2026-10-05T17:10:33.410393286+02:00
sinatra image: campfire-sinatra:app sha256:4f4bbaf837cfc27c84131a57a6bc531a17e55d359d3c135b487c61e98ab5892c 2026-10-08T00:02:42.862560516+02:00
rage image: campfire-rage:app sha256:fec54a77a520a3121a8a5d20c4b2a4feadc6476a7119a55a0276551fce3fa5d8 2026-10-08T00:13:15.796284949+02:00
rust HEAD:  (dirty: 0 files)
[06:35:11] load before run: 1.46 3.17 3.21 (waited 90s)
[06:35:11] roda rep 1: starting (load: 1.46 3.17 3.21)
[06:35:23] roda rep 1: cold start 1542ms, idle 201MB (anon 196MB)
[06:35:33] roda rep 1: room_show c=1 3321.9 rps p50 0.277 p99 0.83 {'200': 26576} err 0
[06:35:41] roda rep 1: room_show c=16 12622.7 rps p50 1.21 p99 2.277 {'200': 101000} err 0
[06:35:49] roda rep 1: room_show c=64 12414.9 rps p50 5.131 p99 7.087 {'200': 99390} err 0
[06:35:59] roda rep 1: messages_page c=1 5136.7 rps p50 0.174 p99 0.624 {'200': 41094} err 0
[06:36:07] roda rep 1: messages_page c=16 19534.5 rps p50 0.764 p99 1.84 {'200': 156291} err 0
[06:36:15] roda rep 1: messages_page c=64 19012.5 rps p50 2.006 p99 8.247 {'200': 152253} err 0
[06:36:25] roda rep 1: sidebar c=1 6910.3 rps p50 0.133 p99 0.308 {'200': 55283} err 0
[06:36:33] roda rep 1: sidebar c=16 27563.2 rps p50 0.626 p99 1.51 {'200': 220545} err 0
[06:36:41] roda rep 1: sidebar c=64 27248.7 rps p50 2.363 p99 4.171 {'200': 218074} err 0
[06:36:51] roda rep 1: search c=1 4239.3 rps p50 0.215 p99 0.702 {'200': 33915} err 0
[06:36:59] roda rep 1: search c=16 16439.9 rps p50 0.867 p99 2.551 {'200': 131545} err 0
[06:37:07] roda rep 1: search c=64 16224.9 rps p50 3.917 p99 5.743 {'200': 129866} err 0
[06:37:17] roda rep 1: avatar c=1 16429.5 rps p50 0.053 p99 0.217 {'200': 131437} err 0
[06:37:25] roda rep 1: avatar c=16 59956.8 rps p50 0.235 p99 1.003 {'200': 479715} err 0
[06:37:34] roda rep 1: avatar c=64 75961.4 rps p50 0.797 p99 2.137 {'200': 607797} err 0
[06:37:44] roda rep 1: static_css c=1 20920.7 rps p50 0.043 p99 0.185 {'200': 167367} err 0
[06:37:52] roda rep 1: static_css c=16 89217.5 rps p50 0.133 p99 0.915 {'200': 713775} err 0
[06:38:00] roda rep 1: static_css c=64 96250.6 rps p50 0.668 p99 1.834 {'200': 770125} err 0
[06:38:10] roda rep 1: up c=1 10439.6 rps p50 0.09 p99 0.266 {'200': 83518} err 0
[06:38:18] roda rep 1: up c=16 42933.7 rps p50 0.332 p99 1.164 {'200': 343490} err 0
[06:38:26] roda rep 1: up c=64 42525.4 rps p50 1.449 p99 2.623 {'200': 340271} err 0
[06:38:36] roda rep 1: post_message c=1 677.4 rps p50 1.354 p99 2.653 {'200': 5419} err 0
[06:38:44] roda rep 1: post_message c=16 1731.9 rps p50 7.139 p99 34.207 {'200': 13867} err 0
[06:38:52] roda rep 1: post_message c=64 1729.7 rps p50 27.567 p99 160.255 {'200': 13862} err 0
[06:39:15] roda rep 1: cable 100 clients ready 100 lat all p50 3.665 p99 7.795 tput 657.8 msg/s 9871 / 9871
[06:39:43] roda rep 1: cable 500 clients ready 500 lat all p50 7.871 p99 22.767 tput 174.5 msg/s 3223 / 3223
[06:40:08] roda rep 1: cable 1000 clients ready 1000 lat all p50 14.407 p99 27.855 tput 104.5 msg/s 1593 / 1593
[06:40:11] roda rep 1: upload median 128.9ms
[06:40:11] roda rep 1: done -> /opt/campfire-perf/results/roda-5app/run-2/roda-1.json
[06:41:31] load before run: 1.30 2.86 3.12 (waited 80s)
[06:41:31] rust rep 1: starting (load: 1.30 2.86 3.12)
[06:41:42] rust rep 1: cold start 287ms, idle 15MB (anon 13MB)
[06:41:52] rust rep 1: room_show c=1 5452.2 rps p50 0.18 p99 0.266 {'200': 43618} err 0
[06:42:00] rust rep 1: room_show c=16 21252.6 rps p50 0.731 p99 1.312 {'200': 170033} err 0
[06:42:08] rust rep 1: room_show c=64 21894.0 rps p50 2.853 p99 5.143 {'200': 175208} err 0
[06:42:18] rust rep 1: messages_page c=1 6112.0 rps p50 0.161 p99 0.232 {'200': 48897} err 0
[06:42:26] rust rep 1: messages_page c=16 23634.2 rps p50 0.661 p99 1.13 {'200': 189087} err 0
[06:42:34] rust rep 1: messages_page c=64 24541.9 rps p50 2.555 p99 4.399 {'200': 196390} err 0
[06:42:44] rust rep 1: sidebar c=1 5135.7 rps p50 0.191 p99 0.283 {'200': 41086} err 0
[06:42:52] rust rep 1: sidebar c=16 20651.6 rps p50 0.749 p99 1.399 {'200': 165226} err 0
[06:43:00] rust rep 1: sidebar c=64 21569.1 rps p50 2.885 p99 5.399 {'200': 172606} err 0
[06:43:10] rust rep 1: search c=1 5834.4 rps p50 0.169 p99 0.231 {'200': 46676} err 0
[06:43:19] rust rep 1: search c=16 21384.2 rps p50 0.702 p99 1.512 {'200': 171088} err 0
[06:43:27] rust rep 1: search c=64 26565.8 rps p50 2.291 p99 4.535 {'200': 212588} err 0
[06:43:37] rust rep 1: avatar c=1 39405.6 rps p50 0.024 p99 0.033 {'200': 315247} err 0
[06:43:45] rust rep 1: avatar c=16 191682.1 rps p50 0.071 p99 0.263 {'200': 1533528} err 0
[06:43:53] rust rep 1: avatar c=64 199429.9 rps p50 0.278 p99 1.661 {'200': 1595717} err 0
[06:44:03] rust rep 1: static_css c=1 41896.1 rps p50 0.023 p99 0.029 {'200': 335171} err 0
[06:44:11] rust rep 1: static_css c=16 207703.0 rps p50 0.069 p99 0.221 {'200': 1661950} err 0
[06:44:19] rust rep 1: static_css c=64 214528.3 rps p50 0.256 p99 1.797 {'200': 1716474} err 0
[06:44:29] rust rep 1: up c=1 24275.7 rps p50 0.039 p99 0.057 {'200': 194207} err 0
[06:44:37] rust rep 1: up c=16 121297.7 rps p50 0.131 p99 0.23 {'200': 970426} err 0
[06:44:45] rust rep 1: up c=64 120387.7 rps p50 0.515 p99 1.098 {'200': 963236} err 0
[06:44:55] rust rep 1: post_message c=1 2031.0 rps p50 0.44 p99 0.789 {'200': 16248} err 0
[06:45:03] rust rep 1: post_message c=16 4309.9 rps p50 2.905 p99 35.775 {'200': 34491} err 0
[06:45:11] rust rep 1: post_message c=64 4034.2 rps p50 11.975 p99 51.871 {'200': 32320} err 0
[06:45:34] rust rep 1: cable 100 clients ready 100 lat all p50 2.0 p99 2.601 tput 2267.7 msg/s 34021 / 34021
[06:45:59] rust rep 1: cable 500 clients ready 500 lat all p50 4.167 p99 12.767 tput 702.1 msg/s 10538 / 10538
[06:46:23] rust rep 1: cable 1000 clients ready 1000 lat all p50 7.167 p99 11.063 tput 374.3 msg/s 5617 / 5617
[06:46:26] rust rep 1: upload median 35.1ms
[06:46:28] rust rep 1: done -> /opt/campfire-perf/results/roda-5app/run-2/rust-1.json
[06:47:58] load before run: 1.40 3.29 3.34 (waited 90s)
[06:47:58] reference rep 1: starting (load: 1.40 3.29 3.34)
[06:48:12] reference rep 1: cold start 3679ms, idle 301MB (anon 282MB)
[06:48:23] reference rep 1: room_show c=1 92.2 rps p50 10.559 p99 12.479 {'200': 738} err 0
[06:48:31] reference rep 1: room_show c=16 222.9 rps p50 71.103 p99 158.719 {'200': 1799} err 0
[06:48:39] reference rep 1: room_show c=64 186.5 rps p50 344.575 p99 426.495 {'200': 1550} err 0
[06:48:49] reference rep 1: messages_page c=1 163.0 rps p50 6.019 p99 7.483 {'200': 1304} err 0
[06:48:57] reference rep 1: messages_page c=16 361.9 rps p50 43.551 p99 90.367 {'200': 2908} err 0
[06:49:06] reference rep 1: messages_page c=64 339.5 rps p50 180.991 p99 267.519 {'200': 2788} err 0
[06:49:16] reference rep 1: sidebar c=1 205.3 rps p50 4.775 p99 6.443 {'200': 1643} err 0
[06:49:24] reference rep 1: sidebar c=16 466.9 rps p50 35.135 p99 59.775 {'200': 3747} err 0
[06:49:32] reference rep 1: sidebar c=64 429.3 rps p50 134.783 p99 240.383 {'200': 3520} err 0
[06:49:42] reference rep 1: search c=1 157.6 rps p50 6.231 p99 7.951 {'200': 1262} err 0
[06:49:50] reference rep 1: search c=16 371.8 rps p50 32.431 p99 113.151 {'200': 2997} err 0
[06:49:58] reference rep 1: search c=64 343.9 rps p50 178.431 p99 277.503 {'200': 2826} err 0
[06:50:08] reference rep 1: avatar c=1 17944.4 rps p50 0.052 p99 0.115 {'200': 143557} err 0
[06:50:16] reference rep 1: avatar c=16 61696.2 rps p50 0.171 p99 1.298 {'200': 493612} err 0
[06:50:24] reference rep 1: avatar c=64 50611.1 rps p50 0.47 p99 7.767 {'200': 404980} err 0
[06:50:34] reference rep 1: static_css c=1 22580.6 rps p50 0.041 p99 0.09 {'200': 180647} err 0
[06:50:42] reference rep 1: static_css c=16 84500.5 rps p50 0.133 p99 0.965 {'200': 676033} err 0
[06:50:51] reference rep 1: static_css c=64 71476.6 rps p50 0.424 p99 5.191 {'200': 571925} err 0
[06:51:01] reference rep 1: up c=1 1520.4 rps p50 0.59 p99 1.231 {'200': 12164} err 0
[06:51:09] reference rep 1: up c=16 3362.0 rps p50 4.551 p99 9.543 {'200': 26914} err 0
[06:51:17] reference rep 1: up c=64 3405.7 rps p50 18.623 p99 28.831 {'200': 27310} err 0
[06:51:27] reference rep 1: post_message c=1 107.7 rps p50 7.887 p99 31.391 {'200': 862} err 0
[06:51:35] reference rep 1: post_message c=16 197.0 rps p50 75.327 p99 195.839 {'200': 1588} err 0
[06:51:43] reference rep 1: post_message c=64 203.7 rps p50 309.503 p99 443.135 {'200': 1689} err 0
[06:52:06] reference rep 1: cable 100 clients ready 100 lat all p50 18.239 p99 58.367 tput 74.9 msg/s 1127 / 1127
[06:52:32] reference rep 1: cable 500 clients ready 500 lat all p50 50.015 p99 106.495 tput 23.7 msg/s 358 / 358
[06:52:58] reference rep 1: cable 1000 clients ready 1000 lat all p50 87.359 p99 166.655 tput 12.6 msg/s 191 / 191
[06:53:01] reference rep 1: upload median 94.4ms
[06:53:02] reference rep 1: done -> /opt/campfire-perf/results/roda-5app/run-2/reference-1.json
[06:54:12] load before run: 1.36 2.87 3.19 (waited 70s)
[06:54:12] sinatra rep 1: starting (load: 1.36 2.87 3.19)
[06:54:24] sinatra rep 1: cold start 1523ms, idle 205MB (anon 199MB)
[06:54:34] sinatra rep 1: room_show c=1 3098.2 rps p50 0.28 p99 0.704 {'200': 24786} err 0
[06:54:42] sinatra rep 1: room_show c=16 11302.6 rps p50 1.367 p99 2.401 {'200': 90446} err 0
[06:54:50] sinatra rep 1: room_show c=64 10937.5 rps p50 6.191 p99 6.891 {'200': 87573} err 0
[06:55:00] sinatra rep 1: messages_page c=1 4437.3 rps p50 0.187 p99 0.568 {'200': 35499} err 0
[06:55:08] sinatra rep 1: messages_page c=16 16197.3 rps p50 0.93 p99 1.845 {'200': 129599} err 0
[06:55:16] sinatra rep 1: messages_page c=64 15337.4 rps p50 4.247 p99 5.223 {'200': 122768} err 0
[06:55:26] sinatra rep 1: sidebar c=1 5969.2 rps p50 0.146 p99 0.54 {'200': 47754} err 0
[06:55:34] sinatra rep 1: sidebar c=16 22511.0 rps p50 0.676 p99 1.453 {'200': 180108} err 0
[06:55:42] sinatra rep 1: sidebar c=64 21789.4 rps p50 2.911 p99 3.987 {'200': 174386} err 0
[06:55:52] sinatra rep 1: search c=1 3928.5 rps p50 0.223 p99 0.657 {'200': 31429} err 0
[06:56:00] sinatra rep 1: search c=16 14574.3 rps p50 1.144 p99 2.309 {'200': 116627} err 0
[06:56:08] sinatra rep 1: search c=64 14165.5 rps p50 4.507 p99 5.407 {'200': 113401} err 0
[06:56:18] sinatra rep 1: avatar c=1 15884.9 rps p50 0.054 p99 0.247 {'200': 127081} err 0
[06:56:26] sinatra rep 1: avatar c=16 71769.1 rps p50 0.218 p99 0.969 {'200': 574184} err 0
[06:56:34] sinatra rep 1: avatar c=64 70923.8 rps p50 0.846 p99 1.768 {'200': 567485} err 0
[06:56:45] sinatra rep 1: static_css c=1 20380.3 rps p50 0.043 p99 0.24 {'200': 163050} err 0
[06:56:53] sinatra rep 1: static_css c=16 90267.2 rps p50 0.143 p99 0.846 {'200': 722188} err 0
[06:57:01] sinatra rep 1: static_css c=64 89587.9 rps p50 0.692 p99 1.465 {'200': 716811} err 0
[06:57:11] sinatra rep 1: up c=1 9548.3 rps p50 0.093 p99 0.47 {'200': 76388} err 0
[06:57:19] sinatra rep 1: up c=16 38336.1 rps p50 0.418 p99 1.173 {'200': 306717} err 0
[06:57:27] sinatra rep 1: up c=64 37094.5 rps p50 1.576 p99 3.265 {'200': 296855} err 0
[06:57:37] sinatra rep 1: post_message c=1 728.6 rps p50 1.252 p99 2.473 {'200': 5829} err 0
[06:57:45] sinatra rep 1: post_message c=16 1855.6 rps p50 6.719 p99 32.623 {'200': 14854} err 0
[06:57:53] sinatra rep 1: post_message c=64 1852.5 rps p50 26.511 p99 139.903 {'200': 14892} err 0
[06:58:16] sinatra rep 1: cable 100 clients ready 100 lat all p50 4.207 p99 20.639 tput 678.2 msg/s 10176 / 10176
[06:58:40] sinatra rep 1: cable 500 clients ready 500 lat all p50 6.871 p99 14.487 tput 158.6 msg/s 2383 / 2383
[06:59:06] sinatra rep 1: cable 1000 clients ready 1000 lat all p50 14.111 p99 28.591 tput 102.6 msg/s 1560 / 1560
[06:59:08] sinatra rep 1: upload median 128.4ms
[06:59:09] sinatra rep 1: done -> /opt/campfire-perf/results/roda-5app/run-2/sinatra-1.json
[07:00:09] load before run: 1.47 2.77 3.09 (waited 60s)
[07:00:09] rage rep 1: starting (load: 1.47 2.77 3.09)
[07:00:21] rage rep 1: cold start 1559ms, idle 176MB (anon 170MB)
[07:00:31] rage rep 1: room_show c=1 2746.9 rps p50 0.329 p99 0.793 {'200': 21976} err 0
[07:00:39] rage rep 1: room_show c=16 10145.8 rps p50 1.04 p99 4.639 {'200': 81204} err 0
[07:00:47] rage rep 1: room_show c=64 10131.7 rps p50 5.543 p99 11.903 {'200': 81170} err 0
[07:00:57] rage rep 1: messages_page c=1 6387.9 rps p50 0.142 p99 0.514 {'200': 51104} err 0
[07:01:05] rage rep 1: messages_page c=16 24563.6 rps p50 0.693 p99 1.559 {'200': 196533} err 0
[07:01:13] rage rep 1: messages_page c=64 24309.6 rps p50 2.589 p99 4.275 {'200': 194557} err 0
[07:01:23] rage rep 1: sidebar c=1 8324.8 rps p50 0.112 p99 0.287 {'200': 66600} err 0
[07:01:31] rage rep 1: sidebar c=16 33989.2 rps p50 0.329 p99 1.105 {'200': 271943} err 0
[07:01:39] rage rep 1: sidebar c=64 33788.5 rps p50 1.946 p99 4.031 {'200': 270429} err 0
[07:01:49] rage rep 1: search c=1 4423.4 rps p50 0.209 p99 0.635 {'200': 35388} err 0
[07:01:57] rage rep 1: search c=16 16810.2 rps p50 0.862 p99 2.053 {'200': 134503} err 0
[07:02:05] rage rep 1: search c=64 16646.4 rps p50 2.335 p99 8.011 {'200': 133290} err 0
[07:02:15] rage rep 1: avatar c=1 32580.2 rps p50 0.028 p99 0.045 {'200': 260644} err 0
[07:02:24] rage rep 1: avatar c=16 179722.7 rps p50 0.06 p99 0.274 {'200': 1437852} err 0
[07:02:32] rage rep 1: avatar c=64 184007.6 rps p50 0.224 p99 1.204 {'200': 1472304} err 0
[07:02:42] rage rep 1: static_css c=1 36407.1 rps p50 0.025 p99 0.055 {'200': 291260} err 0
[07:02:50] rage rep 1: static_css c=16 188656.5 rps p50 0.052 p99 0.366 {'200': 1509325} err 0
[07:02:58] rage rep 1: static_css c=64 211283.0 rps p50 0.373 p99 1.118 {'200': 1690545} err 0
[07:03:08] rage rep 1: up c=1 20063.9 rps p50 0.045 p99 0.125 {'200': 160513} err 0
[07:03:16] rage rep 1: up c=16 95894.1 rps p50 0.137 p99 0.759 {'200': 767193} err 0
[07:03:24] rage rep 1: up c=64 97119.8 rps p50 0.32 p99 2.545 {'200': 777227} err 0
[07:03:34] rage rep 1: post_message c=1 664.7 rps p50 1.073 p99 14.327 {'200': 5318} err 0
[07:03:42] rage rep 1: post_message c=16 1602.2 rps p50 5.139 p99 47.647 {'200': 12888} err 0
[07:03:50] rage rep 1: post_message c=64 1682.3 rps p50 9.679 p99 256.895 {'200': 13618} err 0
[07:04:13] rage rep 1: cable 100 clients ready 100 lat all p50 3.195 p99 5.783 tput 1041.2 msg/s 15631 / 15631
[07:04:38] rage rep 1: cable 500 clients ready 500 lat all p50 5.763 p99 10.671 tput 285.6 msg/s 4397 / 4397
[07:05:03] rage rep 1: cable 1000 clients ready 1000 lat all p50 9.135 p99 17.999 tput 187.5 msg/s 2883 / 2883
[07:05:06] rage rep 1: upload median 131.9ms
[07:05:07] rage rep 1: done -> /opt/campfire-perf/results/roda-5app/run-2/rage-1.json
```
date: 2026-10-08T06:33:41+02:00
host: 6.8.0-137-generic, AMD Ryzen 7 PRO 8700GE w/ Radeon 780M Graphics, 16 threads, 61GB
server cpus: 4-7 (nproc 4); loadgen cpus: 0-3; network: host
env: WEB_CONCURRENCY=3 JOB_CONCURRENCY=3 RAILS_MAX_THREADS=5 WEB_CONCURRENCY=4 
rust extra env: 
user agent: (none)
roda image: campfire-roda:app sha256:e1c9836cfb6fc66661f7a59cf899e6cec80d07c49e4d9e285b8d69de71eca2ee 2026-10-08T02:24:48.338647722+02:00
rust image: campfire-rust:app sha256:ecb3890f2706b5cec162be650e18c22d15d1627382bdba574c36a123975fab8b 2026-10-07T16:29:31.789282932+02:00
reference image: campfire-reference:app sha256:0701d9b06ec642db9cdac8efc2854ba0e7f33d404af39d814acbc0d56323f6b0 2026-10-05T17:10:33.410393286+02:00
sinatra image: campfire-sinatra:app sha256:4f4bbaf837cfc27c84131a57a6bc531a17e55d359d3c135b487c61e98ab5892c 2026-10-08T00:02:42.862560516+02:00
rage image: campfire-rage:app sha256:fec54a77a520a3121a8a5d20c4b2a4feadc6476a7119a55a0276551fce3fa5d8 2026-10-08T00:13:15.796284949+02:00
rust HEAD:  (dirty: 0 files)
```

Reps: reference 1, rust 1. Cells: median [min–max].

### Startup and memory

| Metric | Rails | Rust | Rust adv. |
|---|---|---|---|
| cold start: docker run → /up 200 (ms) | 3,679 | 287 | 12.8× |
| idle memory.current (MB) | 301 | 15.0 | 20.1× |
| idle anon (MB) | 282 | 13.0 | 21.7× |
| peak memory.current under load (MB) | 1,578 | 357 | 4.4× |
| peak anon under load (MB) | 1,476 | 259 | 5.7× |

### HTTP (signed in as david; keep-alive; c = concurrent connections)

| Metric | Rails | Rust | Rust adv. |
|---|---|---|---|
| room_show c=1 req/s | 92.2 | 5,452 | 59.1× |
| room_show c=1 p50 ms | 10.6 | 0.18 | 58.7× |
| room_show c=1 p99 ms | 12.5 | 0.27 | 46.9× |
| room_show c=16 req/s | 223 | 21,253 | 95.3× |
| room_show c=16 p50 ms | 71.1 | 0.73 | 97.3× |
| room_show c=16 p99 ms | 159 | 1.31 | 121.0× |
| room_show c=64 req/s | 186 | 21,894 | 117.4× |
| room_show c=64 p50 ms | 345 | 2.85 | 120.8× |
| room_show c=64 p99 ms | 426 | 5.14 | 82.9× |
| messages_page c=1 req/s | 163 | 6,112 | 37.5× |
| messages_page c=1 p50 ms | 6.02 | 0.16 | 37.4× |
| messages_page c=1 p99 ms | 7.48 | 0.23 | 32.3× |
| messages_page c=16 req/s | 362 | 23,634 | 65.3× |
| messages_page c=16 p50 ms | 43.6 | 0.66 | 65.9× |
| messages_page c=16 p99 ms | 90.4 | 1.13 | 80.0× |
| messages_page c=64 req/s | 340 | 24,542 | 72.3× |
| messages_page c=64 p50 ms | 181 | 2.56 | 70.8× |
| messages_page c=64 p99 ms | 268 | 4.40 | 60.8× |
| sidebar c=1 req/s | 205 | 5,136 | 25.0× |
| sidebar c=1 p50 ms | 4.78 | 0.19 | 25.0× |
| sidebar c=1 p99 ms | 6.44 | 0.28 | 22.8× |
| sidebar c=16 req/s | 467 | 20,652 | 44.2× |
| sidebar c=16 p50 ms | 35.1 | 0.75 | 46.9× |
| sidebar c=16 p99 ms | 59.8 | 1.40 | 42.7× |
| sidebar c=64 req/s | 429 | 21,569 | 50.2× |
| sidebar c=64 p50 ms | 135 | 2.88 | 46.7× |
| sidebar c=64 p99 ms | 240 | 5.40 | 44.5× |
| search c=1 req/s | 158 | 5,834 | 37.0× |
| search c=1 p50 ms | 6.23 | 0.17 | 36.9× |
| search c=1 p99 ms | 7.95 | 0.23 | 34.4× |
| search c=16 req/s | 372 | 21,384 | 57.5× |
| search c=16 p50 ms | 32.4 | 0.70 | 46.2× |
| search c=16 p99 ms | 113 | 1.51 | 74.8× |
| search c=64 req/s | 344 | 26,566 | 77.2× |
| search c=64 p50 ms | 178 | 2.29 | 77.9× |
| search c=64 p99 ms | 278 | 4.54 | 61.2× |
| avatar c=1 req/s | 17,944 | 39,406 | 2.2× |
| avatar c=1 p50 ms | 0.05 | 0.02 | 2.2× |
| avatar c=1 p99 ms | 0.12 | 0.03 | 3.5× |
| avatar c=16 req/s | 61,696 | 191,682 | 3.1× |
| avatar c=16 p50 ms | 0.17 | 0.07 | 2.4× |
| avatar c=16 p99 ms | 1.30 | 0.26 | 4.9× |
| avatar c=64 req/s | 50,611 | 199,430 | 3.9× |
| avatar c=64 p50 ms | 0.47 | 0.28 | 1.7× |
| avatar c=64 p99 ms | 7.77 | 1.66 | 4.7× |
| static_css c=1 req/s | 22,581 | 41,896 | 1.9× |
| static_css c=1 p50 ms | 0.04 | 0.02 | 1.8× |
| static_css c=1 p99 ms | 0.09 | 0.03 | 3.1× |
| static_css c=16 req/s | 84,500 | 207,703 | 2.5× |
| static_css c=16 p50 ms | 0.13 | 0.07 | 1.9× |
| static_css c=16 p99 ms | 0.96 | 0.22 | 4.4× |
| static_css c=64 req/s | 71,477 | 214,528 | 3.0× |
| static_css c=64 p50 ms | 0.42 | 0.26 | 1.7× |
| static_css c=64 p99 ms | 5.19 | 1.80 | 2.9× |
| up c=1 req/s | 1,520 | 24,276 | 16.0× |
| up c=1 p50 ms | 0.59 | 0.04 | 15.1× |
| up c=1 p99 ms | 1.23 | 0.06 | 21.6× |
| up c=16 req/s | 3,362 | 121,298 | 36.1× |
| up c=16 p50 ms | 4.55 | 0.13 | 34.7× |
| up c=16 p99 ms | 9.54 | 0.23 | 41.5× |
| up c=64 req/s | 3,406 | 120,388 | 35.3× |
| up c=64 p50 ms | 18.6 | 0.52 | 36.2× |
| up c=64 p99 ms | 28.8 | 1.10 | 26.3× |
| post_message c=1 req/s | 108 | 2,031 | 18.9× |
| post_message c=1 p50 ms | 7.89 | 0.44 | 17.9× |
| post_message c=1 p99 ms | 31.4 | 0.79 | 39.8× |
| post_message c=16 req/s | 197 | 4,310 | 21.9× |
| post_message c=16 p50 ms | 75.3 | 2.90 | 25.9× |
| post_message c=16 p99 ms | 196 | 35.8 | 5.5× |
| post_message c=64 req/s | 204 | 4,034 | 19.8× |
| post_message c=64 p50 ms | 310 | 12.0 | 25.8× |
| post_message c=64 p99 ms | 443 | 51.9 | 8.5× |

### HTTP errors / non-2xx-3xx (first rep, per app)

| Metric | Rails | Rust | Rust adv. |
|---|---|---|---|
- reference: none
- rust: none

### Action Cable fan-out (one room; chatter.js subscriptions per client)

| Metric | Rails | Rust | Rust adv. |
|---|---|---|---|
| 100 clients: subscribed | 100 | 100 | 1.0× |
| 100 clients: connect+subscribe all (s) | 0.32 | 0.06 | 5.3× |
| 100 clients: paced post→one client p50 ms | 14.1 | 1.70 | 8.3× |
| 100 clients: paced post→all clients p50 ms | 18.2 | 2.00 | 9.1× |
| 100 clients: paced post→all clients p99 ms | 58.4 | 2.60 | 22.4× |
| 100 clients: max sustained msgs/s (delivered to all) | 74.9 | 2,268 | 30.3× |
| 100 clients: deliveries/s (client×message) | 7,491 | 226,771 | 30.3× |
| 100 clients: saturated post→all p50 ms | 57.1 | 1.95 | 29.3× |
| 100 clients: saturated POST p50 ms | 46.5 | 1.50 | 31.0× |
| 500 clients: subscribed | 500 | 500 | 1.0× |
| 500 clients: connect+subscribe all (s) | 0.89 | 0.14 | 6.4× |
| 500 clients: paced post→one client p50 ms | 25.8 | 2.88 | 9.0× |
| 500 clients: paced post→all clients p50 ms | 50.0 | 4.17 | 12.0× |
| 500 clients: paced post→all clients p99 ms | 106 | 12.8 | 8.3× |
| 500 clients: max sustained msgs/s (delivered to all) | 23.7 | 702 | 29.6× |
| 500 clients: deliveries/s (client×message) | 11,858 | 351,039 | 29.6× |
| 500 clients: saturated post→all p50 ms | 137 | 11.8 | 11.6× |
| 500 clients: saturated POST p50 ms | 164 | 5.23 | 31.4× |
| 1000 clients: subscribed | 1,000 | 1,000 | 1.0× |
| 1000 clients: connect+subscribe all (s) | 1.75 | 0.17 | 10.3× |
| 1000 clients: paced post→one client p50 ms | 42.0 | 4.20 | 10.0× |
| 1000 clients: paced post→all clients p50 ms | 87.4 | 7.17 | 12.2× |
| 1000 clients: paced post→all clients p99 ms | 167 | 11.1 | 15.1× |
| 1000 clients: max sustained msgs/s (delivered to all) | 12.6 | 374 | 29.7× |
| 1000 clients: deliveries/s (client×message) | 12,592 | 374,250 | 29.7× |
| 1000 clients: saturated post→all p50 ms | 283 | 23.1 | 12.2× |
| 1000 clients: saturated POST p50 ms | 243 | 10.3 | 23.6× |

### Upload + thumbnail (black_hole.jpg, 505 KB)

| Metric | Rails | Rust | Rust adv. |
|---|---|---|---|
| POST with attachment (ms) | 94.0 | 34.8 | 2.7× |
| then GET thumb → 200 (ms) | 0.40 | 0.30 | 1.3× |
| POST → thumbnail served (ms) | 94.4 | 35.1 | 2.7× |

### Memory during cable fan-out, by process (MB, peak within the phase)

App process: Rails' Puma master and workers (Action Cable runs in them), or Rust's one campfire
process (its front server included). Pss counts pages shared between forked workers once;
RssAnon counts them in every process.

| Metric | Rails | Rust | Rust adv. |
|---|---|---|---|
| 100 clients, all subscribed, idle: app process Pss | 569 | 122 | 4.7× |
| 100 clients, all subscribed, idle: app process RssAnon | 715 | 99.9 | 7.2× |
| 100 clients, all subscribed, idle: app + Redis + Thruster Pss | 606 | 122 | 5.0× |
| 100 clients, all subscribed, idle: whole container Pss | 900 | 122 | 7.4× |
| 100 clients, saturated fan-out: app process Pss | 696 | 122 | 5.7× |
| 100 clients, saturated fan-out: app process RssAnon | 838 | 99.9 | 8.4× |
| 100 clients, saturated fan-out: app + Redis + Thruster Pss | 744 | 122 | 6.1× |
| 100 clients, saturated fan-out: whole container Pss | 1,039 | 122 | 8.5× |
| 500 clients, all subscribed, idle: app process Pss | 626 | 113 | 5.5× |
| 500 clients, all subscribed, idle: app process RssAnon | 767 | 91.0 | 8.4× |
| 500 clients, all subscribed, idle: app + Redis + Thruster Pss | 691 | 113 | 6.1× |
| 500 clients, all subscribed, idle: whole container Pss | 987 | 113 | 8.7× |
| 500 clients, saturated fan-out: app process Pss | 865 | 113 | 7.7× |
| 500 clients, saturated fan-out: app process RssAnon | 1,006 | 90.9 | 11.1× |
| 500 clients, saturated fan-out: app + Redis + Thruster Pss | 940 | 113 | 8.3× |
| 500 clients, saturated fan-out: whole container Pss | 1,231 | 113 | 10.9× |
| 1000 clients, all subscribed, idle: app process Pss | 706 | 119 | 5.9× |
| 1000 clients, all subscribed, idle: app process RssAnon | 846 | 96.8 | 8.7× |
| 1000 clients, all subscribed, idle: app + Redis + Thruster Pss | 806 | 119 | 6.8× |
| 1000 clients, all subscribed, idle: whole container Pss | 1,101 | 119 | 9.3× |
| 1000 clients, saturated fan-out: app process Pss | 1,017 | 119 | 8.6× |
| 1000 clients, saturated fan-out: app process RssAnon | 1,156 | 96.9 | 11.9× |
| 1000 clients, saturated fan-out: app + Redis + Thruster Pss | 1,126 | 119 | 9.5× |
| 1000 clients, saturated fan-out: whole container Pss | 1,418 | 119 | 11.9× |
