12:31:11 reference rep 1 start:  12:31:11 up 35 days, 14:51,  4 users,  load average: 0.26, 1.34, 2.36
12:36:17 reference rep 1 end:    12:36:17 up 35 days, 14:56,  7 users,  load average: 3.23, 2.88, 2.77
12:36:17 rails-opt rep 1 start:  12:36:17 up 35 days, 14:56,  7 users,  load average: 3.23, 2.88, 2.77
12:42:14 rails-opt rep 1 end:    12:42:14 up 35 days, 15:02,  7 users,  load average: 5.19, 3.98, 3.20
12:42:14 sinatra rep 1 start:  12:42:14 up 35 days, 15:02,  7 users,  load average: 5.19, 3.98, 3.20
12:48:33 sinatra rep 1 end:    12:48:33 up 35 days, 15:09,  7 users,  load average: 4.05, 3.47, 3.12
12:48:33 rage rep 1 start:  12:48:33 up 35 days, 15:09,  7 users,  load average: 4.05, 3.47, 3.12
12:54:41 rage rep 1 end:    12:54:41 up 35 days, 15:15,  7 users,  load average: 5.08, 3.81, 3.27
12:54:41 rage rep 2 start:  12:54:41 up 35 days, 15:15,  7 users,  load average: 5.08, 3.81, 3.27
13:01:08 rage rep 2 end:    13:01:08 up 35 days, 15:21,  7 users,  load average: 4.77, 3.85, 3.35
13:01:08 sinatra rep 2 start:  13:01:08 up 35 days, 15:21,  7 users,  load average: 4.77, 3.85, 3.35
13:07:29 sinatra rep 2 end:    13:07:29 up 35 days, 15:28,  7 users,  load average: 3.89, 3.31, 3.16
13:07:29 rails-opt rep 2 start:  13:07:29 up 35 days, 15:28,  7 users,  load average: 3.89, 3.31, 3.16
13:13:45 rails-opt rep 2 end:    13:13:45 up 35 days, 15:34,  7 users,  load average: 6.28, 4.37, 3.54
13:13:45 reference rep 2 start:  13:13:45 up 35 days, 15:34,  7 users,  load average: 6.28, 4.37, 3.54
13:20:28 reference rep 2 end:    13:20:28 up 35 days, 15:41,  7 users,  load average: 4.24, 3.87, 3.47
13:20:28 reference rep 3 start:  13:20:28 up 35 days, 15:41,  7 users,  load average: 4.24, 3.87, 3.47
13:26:42 reference rep 3 end:    13:26:42 up 35 days, 15:47,  7 users,  load average: 3.88, 3.61, 3.40
13:26:42 rails-opt rep 3 start:  13:26:42 up 35 days, 15:47,  7 users,  load average: 3.88, 3.61, 3.40
13:32:49 rails-opt rep 3 end:    13:32:49 up 35 days, 15:53,  7 users,  load average: 5.40, 4.16, 3.60
13:32:49 sinatra rep 3 start:  13:32:49 up 35 days, 15:53,  7 users,  load average: 5.40, 4.16, 3.60
13:39:27 sinatra rep 3 end:    13:39:27 up 35 days, 16:00,  7 users,  load average: 4.03, 3.51, 3.38
13:39:27 rage rep 3 start:  13:39:27 up 35 days, 16:00,  7 users,  load average: 4.03, 3.51, 3.38
13:45:35 rage rep 3 end:    13:45:35 up 35 days, 16:06,  7 users,  load average: 4.87, 3.70, 3.39
