fatal: not a git repository (or any of the parent directories): .git
fatal: not a git repository (or any of the parent directories): .git
date: 2026-10-08T01:25:40+02:00
host: 6.8.0-137-generic, AMD Ryzen 7 PRO 8700GE w/ Radeon 780M Graphics, 16 threads, 61GB
server cpus: 4-7 (nproc 4); loadgen cpus: 0-3; network: host
env: WEB_CONCURRENCY=3 JOB_CONCURRENCY=3 RAILS_MAX_THREADS=5 WEB_CONCURRENCY=4 
rust extra env: 
user agent: (none)
reference image: campfire-reference:app sha256:0701d9b06ec642db9cdac8efc2854ba0e7f33d404af39d814acbc0d56323f6b0 2026-10-05T17:10:33.410393286+02:00
rails-opt image: campfire-reference:rails-opt sha256:b7dbb13afbe430c2229705cbef98a4a0ba17705d77f8a530c49d07626b46f670 2026-10-08T00:28:30.899881926+02:00
sinatra image: campfire-sinatra:app sha256:4f4bbaf837cfc27c84131a57a6bc531a17e55d359d3c135b487c61e98ab5892c 2026-10-08T00:02:42.862560516+02:00
rage image: campfire-rage:app sha256:fec54a77a520a3121a8a5d20c4b2a4feadc6476a7119a55a0276551fce3fa5d8 2026-10-08T00:13:15.796284949+02:00
rust image: campfire-rust:app sha256:ecb3890f2706b5cec162be650e18c22d15d1627382bdba574c36a123975fab8b 2026-10-07T16:29:31.789282932+02:00
rust HEAD:  (dirty: 0 files)
[01:26:10] load before run: 1.45 2.47 3.22 (waited 30s)
[01:26:10] reference rep 1: starting (load: 1.45 2.47 3.22)
[01:26:24] reference rep 1: cold start 3676ms, idle 305MB (anon 285MB)
[01:26:35] reference rep 1: room_show c=1 92.8 rps p50 10.447 p99 14.903 {'200': 743} err 0
[01:26:43] reference rep 1: room_show c=16 227.5 rps p50 43.519 p99 195.839 {'200': 1839} err 0
[01:26:52] reference rep 1: room_show c=64 217.1 rps p50 298.239 p99 402.175 {'200': 1800} err 0
[01:27:02] reference rep 1: messages_page c=1 164.0 rps p50 5.979 p99 7.491 {'200': 1313} err 0
[01:27:10] reference rep 1: messages_page c=16 353.3 rps p50 43.679 p99 83.263 {'200': 2837} err 0
[01:27:18] reference rep 1: messages_page c=64 352.3 rps p50 187.007 p99 229.375 {'200': 2877} err 0
[01:27:28] reference rep 1: sidebar c=1 208.0 rps p50 4.703 p99 6.379 {'200': 1664} err 0
[01:27:36] reference rep 1: sidebar c=16 482.1 rps p50 33.503 p99 58.975 {'200': 3870} err 0
[01:27:44] reference rep 1: sidebar c=64 480.5 rps p50 134.015 p99 182.399 {'200': 3919} err 0
[01:27:54] reference rep 1: search c=1 165.2 rps p50 5.955 p99 7.959 {'200': 1322} err 0
[01:28:02] reference rep 1: search c=16 381.3 rps p50 36.319 p99 91.391 {'200': 3066} err 0
[01:28:11] reference rep 1: search c=64 374.9 rps p50 169.471 p99 211.327 {'200': 3062} err 0
[01:28:21] reference rep 1: avatar c=1 17776.2 rps p50 0.052 p99 0.125 {'200': 142211} err 0
[01:28:29] reference rep 1: avatar c=16 62733.4 rps p50 0.167 p99 1.302 {'200': 501897} err 0
[01:28:37] reference rep 1: avatar c=64 50674.3 rps p50 0.457 p99 7.883 {'200': 405482} err 0
[01:28:47] reference rep 1: static_css c=1 23755.7 rps p50 0.039 p99 0.088 {'200': 190047} err 0
[01:28:55] reference rep 1: static_css c=16 84556.3 rps p50 0.133 p99 0.971 {'200': 676481} err 0
[01:29:03] reference rep 1: static_css c=64 72618.6 rps p50 0.425 p99 5.071 {'200': 581052} err 0
[01:29:13] reference rep 1: up c=1 1535.9 rps p50 0.589 p99 1.19 {'200': 12288} err 0
[01:29:21] reference rep 1: up c=16 3407.6 rps p50 4.515 p99 9.407 {'200': 27276} err 0
[01:29:29] reference rep 1: up c=64 3445.2 rps p50 18.431 p99 27.887 {'200': 27621} err 0
[01:29:39] reference rep 1: post_message c=1 114.9 rps p50 7.887 p99 28.879 {'200': 920} err 0
[01:29:47] reference rep 1: post_message c=16 194.6 rps p50 71.231 p99 230.911 {'200': 1574} err 0
[01:29:56] reference rep 1: post_message c=64 196.2 rps p50 317.439 p99 478.207 {'200': 1635} err 0
[01:30:19] reference rep 1: cable 100 clients ready 100 lat all p50 18.879 p99 73.599 tput 72.8 msg/s 1094 / 1094
[01:30:44] reference rep 1: cable 500 clients ready 500 lat all p50 54.399 p99 102.527 tput 20.3 msg/s 308 / 308
[01:31:11] reference rep 1: cable 1000 clients ready 1000 lat all p50 90.559 p99 213.119 tput 12.0 msg/s 183 / 183
[01:31:14] reference rep 1: done -> /opt/campfire-perf/results/precedent-audit/run-1/reference-1.json
[01:32:14] load before run: 1.37 2.72 3.16 (waited 60s)
[01:32:14] rails-opt rep 1: starting (load: 1.37 2.72 3.16)
[01:32:30] rails-opt rep 1: cold start 5884ms, idle 633MB (anon 613MB)
[01:32:41] rails-opt rep 1: room_show c=1 168.1 rps p50 5.831 p99 7.659 {'200': 1345} err 0
[01:32:49] rails-opt rep 1: room_show c=16 523.5 rps p50 28.383 p99 64.095 {'200': 4208} err 0
[01:32:57] rails-opt rep 1: room_show c=64 538.4 rps p50 97.215 p99 267.775 {'200': 4389} err 0
[01:33:07] rails-opt rep 1: messages_page c=1 767.1 rps p50 1.234 p99 2.355 {'200': 6137} err 0
[01:33:15] rails-opt rep 1: messages_page c=16 1979.5 rps p50 7.743 p99 17.103 {'200': 15851} err 0
[01:33:23] rails-opt rep 1: messages_page c=64 2022.3 rps p50 14.927 p99 137.855 {'200': 16246} err 0
[01:33:33] rails-opt rep 1: sidebar c=1 1405.2 rps p50 0.638 p99 1.336 {'200': 11242} err 0
[01:33:41] rails-opt rep 1: sidebar c=16 3522.9 rps p50 4.203 p99 10.727 {'200': 28198} err 0
[01:33:49] rails-opt rep 1: sidebar c=64 3625.0 rps p50 15.159 p99 49.119 {'200': 29059} err 0
[01:33:59] rails-opt rep 1: search c=1 313.5 rps p50 3.085 p99 4.467 {'200': 2508} err 0
[01:34:07] rails-opt rep 1: search c=16 862.3 rps p50 18.223 p99 33.631 {'200': 6916} err 0
[01:34:16] rails-opt rep 1: search c=64 863.3 rps p50 70.207 p99 224.895 {'200': 6970} err 0
[01:34:26] rails-opt rep 1: avatar c=1 18334.8 rps p50 0.051 p99 0.115 {'200': 146680} err 0
[01:34:34] rails-opt rep 1: avatar c=16 62671.3 rps p50 0.168 p99 1.29 {'200': 501414} err 0
[01:34:42] rails-opt rep 1: avatar c=64 50593.3 rps p50 0.467 p99 7.831 {'200': 404832} err 0
[01:34:52] rails-opt rep 1: static_css c=1 23490.9 rps p50 0.039 p99 0.085 {'200': 187929} err 0
[01:35:00] rails-opt rep 1: static_css c=16 86937.1 rps p50 0.13 p99 0.94 {'200': 695527} err 0
[01:35:08] rails-opt rep 1: static_css c=64 73202.5 rps p50 0.428 p99 5.143 {'200': 585727} err 0
[01:35:18] rails-opt rep 1: up c=1 2215.8 rps p50 0.404 p99 0.881 {'200': 17727} err 0
[01:35:26] rails-opt rep 1: up c=16 5809.7 rps p50 2.593 p99 6.839 {'200': 46494} err 0
[01:35:34] rails-opt rep 1: up c=64 5957.3 rps p50 10.015 p99 27.215 {'200': 47720} err 0
[01:35:44] rails-opt rep 1: post_message c=1 133.5 rps p50 6.615 p99 33.727 {'200': 1068} err 0
[01:35:52] rails-opt rep 1: post_message c=16 258.8 rps p50 37.023 p99 224.639 {'200': 2089} err 0
[01:36:00] rails-opt rep 1: post_message c=64 264.9 rps p50 188.287 p99 583.167 {'200': 2198} err 0
[01:36:23] rails-opt rep 1: cable 100 clients ready 100 lat all p50 19.087 p99 74.239 tput 80.1 msg/s 1204 / 1204
[01:36:49] rails-opt rep 1: cable 500 clients ready 500 lat all p50 52.799 p99 72.191 tput 22.3 msg/s 340 / 340
[01:37:17] rails-opt rep 1: cable 1000 clients ready 1000 lat all p50 92.991 p99 138.495 tput 11.5 msg/s 192 / 192
[01:37:20] rails-opt rep 1: done -> /opt/campfire-perf/results/precedent-audit/run-1/rails-opt-1.json
[01:38:40] load before run: 1.44 3.29 3.38 (waited 80s)
[01:38:40] sinatra rep 1: starting (load: 1.44 3.29 3.38)
[01:38:51] sinatra rep 1: cold start 1517ms, idle 206MB (anon 200MB)
[01:39:02] sinatra rep 1: room_show c=1 3162.4 rps p50 0.276 p99 0.683 {'200': 25301} err 0
[01:39:10] sinatra rep 1: room_show c=16 11362.3 rps p50 1.243 p99 2.661 {'200': 90921} err 0
[01:39:18] sinatra rep 1: room_show c=64 11029.5 rps p50 5.627 p99 7.163 {'200': 88313} err 0
[01:39:28] sinatra rep 1: messages_page c=1 4506.6 rps p50 0.183 p99 0.572 {'200': 36054} err 0
[01:39:36] sinatra rep 1: messages_page c=16 16282.4 rps p50 0.915 p99 1.826 {'200': 130288} err 0
[01:39:44] sinatra rep 1: messages_page c=64 15613.5 rps p50 2.843 p99 9.087 {'200': 125036} err 0
[01:39:54] sinatra rep 1: sidebar c=1 5917.9 rps p50 0.146 p99 0.546 {'200': 47344} err 0
[01:40:02] sinatra rep 1: sidebar c=16 22691.3 rps p50 0.641 p99 1.713 {'200': 181551} err 0
[01:40:10] sinatra rep 1: sidebar c=64 22079.4 rps p50 2.695 p99 4.927 {'200': 176748} err 0
[01:40:20] sinatra rep 1: search c=1 3954.6 rps p50 0.223 p99 0.639 {'200': 31638} err 0
[01:40:28] sinatra rep 1: search c=16 14453.1 rps p50 1.143 p99 2.083 {'200': 115644} err 0
[01:40:36] sinatra rep 1: search c=64 14118.0 rps p50 3.933 p99 8.055 {'200': 113054} err 0
[01:40:46] sinatra rep 1: avatar c=1 16072.1 rps p50 0.053 p99 0.244 {'200': 128578} err 0
[01:40:54] sinatra rep 1: avatar c=16 72601.7 rps p50 0.181 p99 0.917 {'200': 580855} err 0
[01:41:02] sinatra rep 1: avatar c=64 65731.9 rps p50 0.537 p99 3.109 {'200': 526009} err 0
[01:41:12] sinatra rep 1: static_css c=1 20535.3 rps p50 0.043 p99 0.225 {'200': 164284} err 0
[01:41:20] sinatra rep 1: static_css c=16 91309.0 rps p50 0.144 p99 0.829 {'200': 730511} err 0
[01:41:28] sinatra rep 1: static_css c=64 89919.0 rps p50 0.677 p99 1.529 {'200': 719464} err 0
[01:41:38] sinatra rep 1: up c=1 9626.3 rps p50 0.093 p99 0.475 {'200': 77011} err 0
[01:41:46] sinatra rep 1: up c=16 38634.9 rps p50 0.418 p99 1.189 {'200': 309104} err 0
[01:41:54] sinatra rep 1: up c=64 37751.9 rps p50 1.865 p99 2.965 {'200': 302116} err 0
[01:42:04] sinatra rep 1: post_message c=1 727.2 rps p50 1.25 p99 2.541 {'200': 5818} err 0
[01:42:13] sinatra rep 1: post_message c=16 1846.7 rps p50 7.159 p99 29.215 {'200': 14783} err 0
[01:42:21] sinatra rep 1: post_message c=64 1870.1 rps p50 26.319 p99 149.375 {'200': 14991} err 0
[01:42:43] sinatra rep 1: cable 100 clients ready 100 lat all p50 3.747 p99 7.115 tput 666.1 msg/s 9996 / 9996
[01:43:08] sinatra rep 1: cable 500 clients ready 500 lat all p50 7.967 p99 23.055 tput 143.3 msg/s 2154 / 2154
[01:43:33] sinatra rep 1: cable 1000 clients ready 1000 lat all p50 12.375 p99 25.791 tput 103.5 msg/s 1571 / 1571
[01:43:36] sinatra rep 1: done -> /opt/campfire-perf/results/precedent-audit/run-1/sinatra-1.json
[01:44:46] load before run: 1.27 2.79 3.18 (waited 70s)
[01:44:46] rage rep 1: starting (load: 1.27 2.79 3.18)
[01:44:58] rage rep 1: cold start 1563ms, idle 176MB (anon 170MB)
[01:45:08] rage rep 1: room_show c=1 2777.4 rps p50 0.33 p99 0.875 {'200': 22220} err 0
[01:45:16] rage rep 1: room_show c=16 10343.3 rps p50 1.395 p99 3.117 {'200': 82768} err 0
[01:45:24] rage rep 1: room_show c=64 10287.0 rps p50 4.419 p99 12.071 {'200': 82407} err 0
[01:45:34] rage rep 1: messages_page c=1 6345.1 rps p50 0.144 p99 0.366 {'200': 50762} err 0
[01:45:42] rage rep 1: messages_page c=16 24947.6 rps p50 0.589 p99 1.417 {'200': 199615} err 0
[01:45:50] rage rep 1: messages_page c=64 24763.9 rps p50 1.757 p99 6.763 {'200': 198264} err 0
[01:46:00] rage rep 1: sidebar c=1 8155.0 rps p50 0.114 p99 0.296 {'200': 65241} err 0
[01:46:08] rage rep 1: sidebar c=16 33950.6 rps p50 0.522 p99 1.308 {'200': 271630} err 0
[01:46:17] rage rep 1: sidebar c=64 33875.8 rps p50 1.731 p99 4.123 {'200': 271152} err 0
[01:46:27] rage rep 1: search c=1 4399.2 rps p50 0.211 p99 0.452 {'200': 35194} err 0
[01:46:35] rage rep 1: search c=16 17146.9 rps p50 0.839 p99 2.337 {'200': 137205} err 0
[01:46:43] rage rep 1: search c=64 17014.8 rps p50 1.968 p99 8.107 {'200': 136257} err 0
[01:46:53] rage rep 1: avatar c=1 32232.3 rps p50 0.028 p99 0.045 {'200': 257861} err 0
[01:47:01] rage rep 1: avatar c=16 178292.5 rps p50 0.109 p99 0.267 {'200': 1426404} err 0
[01:47:09] rage rep 1: avatar c=64 181405.9 rps p50 0.27 p99 1.065 {'200': 1451597} err 0
[01:47:19] rage rep 1: static_css c=1 36287.0 rps p50 0.025 p99 0.04 {'200': 290306} err 0
[01:47:27] rage rep 1: static_css c=16 188352.8 rps p50 0.069 p99 0.267 {'200': 1506909} err 0
[01:47:35] rage rep 1: static_css c=64 211395.3 rps p50 0.278 p99 0.977 {'200': 1691412} err 0
[01:47:45] rage rep 1: up c=1 19975.3 rps p50 0.045 p99 0.13 {'200': 159804} err 0
[01:47:53] rage rep 1: up c=16 95780.3 rps p50 0.142 p99 0.514 {'200': 766280} err 0
[01:48:01] rage rep 1: up c=64 96278.6 rps p50 0.489 p99 1.804 {'200': 770349} err 0
[01:48:11] rage rep 1: post_message c=1 665.2 rps p50 1.076 p99 14.191 {'200': 5322} err 0
[01:48:19] rage rep 1: post_message c=16 1594.5 rps p50 7.167 p99 39.551 {'200': 12815} err 0
[01:48:27] rage rep 1: post_message c=64 1693.8 rps p50 15.967 p99 207.359 {'200': 13692} err 0
[01:48:50] rage rep 1: cable 100 clients ready 100 lat all p50 3.105 p99 31.775 tput 1047.4 msg/s 15848 / 15848
[01:49:15] rage rep 1: cable 500 clients ready 500 lat all p50 6.035 p99 10.983 tput 328.3 msg/s 4941 / 4941
[01:49:41] rage rep 1: cable 1000 clients ready 1000 lat all p50 9.847 p99 11.967 tput 184.6 msg/s 2907 / 2907
[01:49:43] rage rep 1: done -> /opt/campfire-perf/results/precedent-audit/run-1/rage-1.json
[01:51:04] load before run: 1.38 2.93 3.19 (waited 80s)
[01:51:04] rust rep 1: starting (load: 1.38 2.93 3.19)
[01:51:14] rust rep 1: cold start 280ms, idle 15MB (anon 13MB)
[01:51:24] rust rep 1: room_show c=1 5448.9 rps p50 0.18 p99 0.262 {'200': 43592} err 0
[01:51:32] rust rep 1: room_show c=16 21024.4 rps p50 0.736 p99 1.348 {'200': 168212} err 0
[01:51:40] rust rep 1: room_show c=64 21910.5 rps p50 2.851 p99 5.143 {'200': 175340} err 0
[01:51:50] rust rep 1: messages_page c=1 6075.7 rps p50 0.162 p99 0.224 {'200': 48606} err 0
[01:51:58] rust rep 1: messages_page c=16 23720.2 rps p50 0.658 p99 1.129 {'200': 189775} err 0
[01:52:06] rust rep 1: messages_page c=64 24396.5 rps p50 2.571 p99 4.395 {'200': 195220} err 0
[01:52:16] rust rep 1: sidebar c=1 5160.3 rps p50 0.19 p99 0.285 {'200': 41283} err 0
[01:52:24] rust rep 1: sidebar c=16 20769.1 rps p50 0.745 p99 1.4 {'200': 166165} err 0
[01:52:32] rust rep 1: sidebar c=64 21232.9 rps p50 2.915 p99 5.667 {'200': 169916} err 0
[01:52:43] rust rep 1: search c=1 5864.9 rps p50 0.168 p99 0.224 {'200': 46920} err 0
[01:52:51] rust rep 1: search c=16 21361.1 rps p50 0.704 p99 1.522 {'200': 170901} err 0
[01:52:59] rust rep 1: search c=64 26477.6 rps p50 2.289 p99 4.635 {'200': 211872} err 0
[01:53:09] rust rep 1: avatar c=1 38369.6 rps p50 0.025 p99 0.034 {'200': 306959} err 0
[01:53:17] rust rep 1: avatar c=16 196801.0 rps p50 0.071 p99 0.248 {'200': 1574484} err 0
[01:53:25] rust rep 1: avatar c=64 200459.2 rps p50 0.276 p99 1.687 {'200': 1604170} err 0
[01:53:35] rust rep 1: static_css c=1 41647.9 rps p50 0.022 p99 0.033 {'200': 333185} err 0
[01:53:43] rust rep 1: static_css c=16 208505.8 rps p50 0.068 p99 0.229 {'200': 1668124} err 0
[01:53:51] rust rep 1: static_css c=64 210846.9 rps p50 0.271 p99 1.335 {'200': 1687197} err 0
[01:54:01] rust rep 1: up c=1 23741.8 rps p50 0.04 p99 0.057 {'200': 189936} err 0
[01:54:09] rust rep 1: up c=16 118328.7 rps p50 0.134 p99 0.238 {'200': 946669} err 0
[01:54:17] rust rep 1: up c=64 123398.5 rps p50 0.501 p99 1.054 {'200': 987337} err 0
[01:54:27] rust rep 1: post_message c=1 1995.7 rps p50 0.44 p99 0.731 {'200': 15999} err 0
[01:54:35] rust rep 1: post_message c=16 4102.4 rps p50 2.927 p99 37.535 {'200': 32830} err 0
[01:54:43] rust rep 1: post_message c=64 3985.5 rps p50 12.055 p99 51.039 {'200': 32021} err 0
[01:55:06] rust rep 1: cable 100 clients ready 100 lat all p50 1.742 p99 2.703 tput 2260.4 msg/s 33911 / 33911
[01:55:31] rust rep 1: cable 500 clients ready 500 lat all p50 4.403 p99 8.375 tput 706.9 msg/s 10609 / 10609
[01:55:56] rust rep 1: cable 1000 clients ready 1000 lat all p50 8.559 p99 11.735 tput 375.9 msg/s 5643 / 5643
[01:56:00] rust rep 1: done -> /opt/campfire-perf/results/precedent-audit/run-1/rust-1.json
```
date: 2026-10-08T01:25:40+02:00
host: 6.8.0-137-generic, AMD Ryzen 7 PRO 8700GE w/ Radeon 780M Graphics, 16 threads, 61GB
server cpus: 4-7 (nproc 4); loadgen cpus: 0-3; network: host
env: WEB_CONCURRENCY=3 JOB_CONCURRENCY=3 RAILS_MAX_THREADS=5 WEB_CONCURRENCY=4 
rust extra env: 
user agent: (none)
reference image: campfire-reference:app sha256:0701d9b06ec642db9cdac8efc2854ba0e7f33d404af39d814acbc0d56323f6b0 2026-10-05T17:10:33.410393286+02:00
rails-opt image: campfire-reference:rails-opt sha256:b7dbb13afbe430c2229705cbef98a4a0ba17705d77f8a530c49d07626b46f670 2026-10-08T00:28:30.899881926+02:00
sinatra image: campfire-sinatra:app sha256:4f4bbaf837cfc27c84131a57a6bc531a17e55d359d3c135b487c61e98ab5892c 2026-10-08T00:02:42.862560516+02:00
rage image: campfire-rage:app sha256:fec54a77a520a3121a8a5d20c4b2a4feadc6476a7119a55a0276551fce3fa5d8 2026-10-08T00:13:15.796284949+02:00
rust image: campfire-rust:app sha256:ecb3890f2706b5cec162be650e18c22d15d1627382bdba574c36a123975fab8b 2026-10-07T16:29:31.789282932+02:00
rust HEAD:  (dirty: 0 files)
```

Reps: reference 1, rust 1. Cells: median [min–max].

### Startup and memory

| Metric | Rails | Rust | Rust adv. |
|---|---|---|---|
| cold start: docker run → /up 200 (ms) | 3,676 | 280 | 13.1× |
| idle memory.current (MB) | 305 | 15.0 | 20.3× |
| idle anon (MB) | 285 | 13.0 | 21.9× |
| peak memory.current under load (MB) | 1,379 | 238 | 5.8× |
| peak anon under load (MB) | 1,271 | 101 | 12.6× |

### HTTP (signed in as david; keep-alive; c = concurrent connections)

| Metric | Rails | Rust | Rust adv. |
|---|---|---|---|
| room_show c=1 req/s | 92.8 | 5,449 | 58.7× |
| room_show c=1 p50 ms | 10.4 | 0.18 | 58.0× |
| room_show c=1 p99 ms | 14.9 | 0.26 | 56.9× |
| room_show c=16 req/s | 228 | 21,024 | 92.4× |
| room_show c=16 p50 ms | 43.5 | 0.74 | 59.1× |
| room_show c=16 p99 ms | 196 | 1.35 | 145.3× |
| room_show c=64 req/s | 217 | 21,910 | 100.9× |
| room_show c=64 p50 ms | 298 | 2.85 | 104.6× |
| room_show c=64 p99 ms | 402 | 5.14 | 78.2× |
| messages_page c=1 req/s | 164 | 6,076 | 37.0× |
| messages_page c=1 p50 ms | 5.98 | 0.16 | 36.9× |
| messages_page c=1 p99 ms | 7.49 | 0.22 | 33.4× |
| messages_page c=16 req/s | 353 | 23,720 | 67.1× |
| messages_page c=16 p50 ms | 43.7 | 0.66 | 66.4× |
| messages_page c=16 p99 ms | 83.3 | 1.13 | 73.7× |
| messages_page c=64 req/s | 352 | 24,396 | 69.2× |
| messages_page c=64 p50 ms | 187 | 2.57 | 72.7× |
| messages_page c=64 p99 ms | 229 | 4.39 | 52.2× |
| sidebar c=1 req/s | 208 | 5,160 | 24.8× |
| sidebar c=1 p50 ms | 4.70 | 0.19 | 24.8× |
| sidebar c=1 p99 ms | 6.38 | 0.28 | 22.4× |
| sidebar c=16 req/s | 482 | 20,769 | 43.1× |
| sidebar c=16 p50 ms | 33.5 | 0.74 | 45.0× |
| sidebar c=16 p99 ms | 59.0 | 1.40 | 42.1× |
| sidebar c=64 req/s | 480 | 21,233 | 44.2× |
| sidebar c=64 p50 ms | 134 | 2.92 | 46.0× |
| sidebar c=64 p99 ms | 182 | 5.67 | 32.2× |
| search c=1 req/s | 165 | 5,865 | 35.5× |
| search c=1 p50 ms | 5.96 | 0.17 | 35.4× |
| search c=1 p99 ms | 7.96 | 0.22 | 35.5× |
| search c=16 req/s | 381 | 21,361 | 56.0× |
| search c=16 p50 ms | 36.3 | 0.70 | 51.6× |
| search c=16 p99 ms | 91.4 | 1.52 | 60.0× |
| search c=64 req/s | 375 | 26,478 | 70.6× |
| search c=64 p50 ms | 169 | 2.29 | 74.0× |
| search c=64 p99 ms | 211 | 4.63 | 45.6× |
| avatar c=1 req/s | 17,776 | 38,370 | 2.2× |
| avatar c=1 p50 ms | 0.05 | 0.03 | 2.1× |
| avatar c=1 p99 ms | 0.12 | 0.03 | 3.7× |
| avatar c=16 req/s | 62,733 | 196,801 | 3.1× |
| avatar c=16 p50 ms | 0.17 | 0.07 | 2.4× |
| avatar c=16 p99 ms | 1.30 | 0.25 | 5.2× |
| avatar c=64 req/s | 50,674 | 200,459 | 4.0× |
| avatar c=64 p50 ms | 0.46 | 0.28 | 1.7× |
| avatar c=64 p99 ms | 7.88 | 1.69 | 4.7× |
| static_css c=1 req/s | 23,756 | 41,648 | 1.8× |
| static_css c=1 p50 ms | 0.04 | 0.02 | 1.8× |
| static_css c=1 p99 ms | 0.09 | 0.03 | 2.7× |
| static_css c=16 req/s | 84,556 | 208,506 | 2.5× |
| static_css c=16 p50 ms | 0.13 | 0.07 | 2.0× |
| static_css c=16 p99 ms | 0.97 | 0.23 | 4.2× |
| static_css c=64 req/s | 72,619 | 210,847 | 2.9× |
| static_css c=64 p50 ms | 0.42 | 0.27 | 1.6× |
| static_css c=64 p99 ms | 5.07 | 1.33 | 3.8× |
| up c=1 req/s | 1,536 | 23,742 | 15.5× |
| up c=1 p50 ms | 0.59 | 0.04 | 14.7× |
| up c=1 p99 ms | 1.19 | 0.06 | 20.9× |
| up c=16 req/s | 3,408 | 118,329 | 34.7× |
| up c=16 p50 ms | 4.51 | 0.13 | 33.7× |
| up c=16 p99 ms | 9.41 | 0.24 | 39.5× |
| up c=64 req/s | 3,445 | 123,398 | 35.8× |
| up c=64 p50 ms | 18.4 | 0.50 | 36.8× |
| up c=64 p99 ms | 27.9 | 1.05 | 26.5× |
| post_message c=1 req/s | 115 | 1,996 | 17.4× |
| post_message c=1 p50 ms | 7.89 | 0.44 | 17.9× |
| post_message c=1 p99 ms | 28.9 | 0.73 | 39.5× |
| post_message c=16 req/s | 195 | 4,102 | 21.1× |
| post_message c=16 p50 ms | 71.2 | 2.93 | 24.3× |
| post_message c=16 p99 ms | 231 | 37.5 | 6.2× |
| post_message c=64 req/s | 196 | 3,986 | 20.3× |
| post_message c=64 p50 ms | 317 | 12.1 | 26.3× |
| post_message c=64 p99 ms | 478 | 51.0 | 9.4× |

### HTTP errors / non-2xx-3xx (first rep, per app)

| Metric | Rails | Rust | Rust adv. |
|---|---|---|---|
- reference: none
- rust: none

### Action Cable fan-out (one room; chatter.js subscriptions per client)

| Metric | Rails | Rust | Rust adv. |
|---|---|---|---|
| 100 clients: subscribed | 100 | 100 | 1.0× |
| 100 clients: connect+subscribe all (s) | 0.32 | 0.06 | 5.3× |
| 100 clients: paced post→one client p50 ms | 13.7 | 1.57 | 8.7× |
| 100 clients: paced post→all clients p50 ms | 18.9 | 1.74 | 10.8× |
| 100 clients: paced post→all clients p99 ms | 73.6 | 2.70 | 27.2× |
| 100 clients: max sustained msgs/s (delivered to all) | 72.8 | 2,260 | 31.0× |
| 100 clients: deliveries/s (client×message) | 7,284 | 226,044 | 31.0× |
| 100 clients: saturated post→all p50 ms | 59.1 | 1.95 | 30.3× |
| 100 clients: saturated POST p50 ms | 44.8 | 1.50 | 29.9× |
| 500 clients: subscribed | 500 | 500 | 1.0× |
| 500 clients: connect+subscribe all (s) | 0.92 | 0.17 | 5.4× |
| 500 clients: paced post→one client p50 ms | 28.2 | 2.88 | 9.8× |
| 500 clients: paced post→all clients p50 ms | 54.4 | 4.40 | 12.4× |
| 500 clients: paced post→all clients p99 ms | 103 | 8.38 | 12.2× |
| 500 clients: max sustained msgs/s (delivered to all) | 20.3 | 707 | 34.8× |
| 500 clients: deliveries/s (client×message) | 10,171 | 353,436 | 34.7× |
| 500 clients: saturated post→all p50 ms | 156 | 11.7 | 13.3× |
| 500 clients: saturated POST p50 ms | 191 | 5.20 | 36.8× |
| 1000 clients: subscribed | 1,000 | 1,000 | 1.0× |
| 1000 clients: connect+subscribe all (s) | 1.90 | 0.17 | 11.2× |
| 1000 clients: paced post→one client p50 ms | 44.1 | 4.82 | 9.2× |
| 1000 clients: paced post→all clients p50 ms | 90.6 | 8.56 | 10.6× |
| 1000 clients: paced post→all clients p99 ms | 213 | 11.7 | 18.2× |
| 1000 clients: max sustained msgs/s (delivered to all) | 12.0 | 376 | 31.3× |
| 1000 clients: deliveries/s (client×message) | 12,047 | 375,881 | 31.2× |
| 1000 clients: saturated post→all p50 ms | 252 | 23.0 | 11.0× |
| 1000 clients: saturated POST p50 ms | 269 | 10.2 | 26.4× |

### Upload + thumbnail (black_hole.jpg, 505 KB)

| Metric | Rails | Rust | Rust adv. |
|---|---|---|---|
| POST with attachment (ms) | – | – | – |
| then GET thumb → 200 (ms) | – | – | – |
| POST → thumbnail served (ms) | – | – | – |

### Memory during cable fan-out, by process (MB, peak within the phase)

App process: Rails' Puma master and workers (Action Cable runs in them), or Rust's one campfire
process (its front server included). Pss counts pages shared between forked workers once;
RssAnon counts them in every process.

| Metric | Rails | Rust | Rust adv. |
|---|---|---|---|
| 100 clients, all subscribed, idle: app process Pss | 550 | 120 | 4.6× |
| 100 clients, all subscribed, idle: app process RssAnon | 697 | 98.4 | 7.1× |
| 100 clients, all subscribed, idle: app + Redis + Thruster Pss | 586 | 120 | 4.9× |
| 100 clients, all subscribed, idle: whole container Pss | 880 | 120 | 7.3× |
| 100 clients, saturated fan-out: app process Pss | 652 | 120 | 5.4× |
| 100 clients, saturated fan-out: app process RssAnon | 799 | 97.8 | 8.2× |
| 100 clients, saturated fan-out: app + Redis + Thruster Pss | 700 | 120 | 5.8× |
| 100 clients, saturated fan-out: whole container Pss | 996 | 120 | 8.3× |
| 500 clients, all subscribed, idle: app process Pss | 621 | 116 | 5.3× |
| 500 clients, all subscribed, idle: app process RssAnon | 767 | 94.4 | 8.1× |
| 500 clients, all subscribed, idle: app + Redis + Thruster Pss | 686 | 116 | 5.9× |
| 500 clients, all subscribed, idle: whole container Pss | 982 | 116 | 8.4× |
| 500 clients, saturated fan-out: app process Pss | 722 | 118 | 6.1× |
| 500 clients, saturated fan-out: app process RssAnon | 867 | 95.5 | 9.1× |
| 500 clients, saturated fan-out: app + Redis + Thruster Pss | 797 | 118 | 6.8× |
| 500 clients, saturated fan-out: whole container Pss | 1,091 | 118 | 9.3× |
| 1000 clients, all subscribed, idle: app process Pss | 652 | 124 | 5.3× |
| 1000 clients, all subscribed, idle: app process RssAnon | 797 | 102 | 7.9× |
| 1000 clients, all subscribed, idle: app + Redis + Thruster Pss | 789 | 124 | 6.4× |
| 1000 clients, all subscribed, idle: whole container Pss | 1,084 | 124 | 8.8× |
| 1000 clients, saturated fan-out: app process Pss | 893 | 124 | 7.2× |
| 1000 clients, saturated fan-out: app process RssAnon | 1,038 | 102 | 10.2× |
| 1000 clients, saturated fan-out: app + Redis + Thruster Pss | 1,034 | 124 | 8.4× |
| 1000 clients, saturated fan-out: whole container Pss | 1,326 | 124 | 10.7× |
