16:32:41 reference rep 1 start:  16:32:41 up 35 days, 18:53,  5 users,  load average: 5.43, 5.69, 4.76
16:39:15 reference rep 1 end:    16:39:15 up 35 days, 18:59,  7 users,  load average: 3.77, 4.02, 4.19
16:39:15 rails-opt rep 1 start:  16:39:15 up 35 days, 18:59,  7 users,  load average: 3.77, 4.02, 4.19
16:45:20 rails-opt rep 1 end:    16:45:20 up 35 days, 19:05,  7 users,  load average: 5.35, 4.41, 4.19
16:45:20 sinatra rep 1 start:  16:45:20 up 35 days, 19:05,  7 users,  load average: 5.35, 4.41, 4.19
16:51:40 sinatra rep 1 end:    16:51:40 up 35 days, 19:12,  7 users,  load average: 3.94, 3.57, 3.79
16:51:40 rage rep 1 start:  16:51:40 up 35 days, 19:12,  7 users,  load average: 3.94, 3.57, 3.79
16:57:47 rage rep 1 end:    16:57:47 up 35 days, 19:18,  7 users,  load average: 5.27, 3.79, 3.69
16:57:47 rust rep 1 start:  16:57:47 up 35 days, 19:18,  7 users,  load average: 5.27, 3.79, 3.69
17:04:03 rust rep 1 end:    17:04:03 up 35 days, 19:24,  7 users,  load average: 5.06, 4.20, 3.79
17:04:03 rust rep 2 start:  17:04:03 up 35 days, 19:24,  7 users,  load average: 5.06, 4.20, 3.79
17:10:20 rust rep 2 end:    17:10:20 up 35 days, 19:30,  7 users,  load average: 5.37, 4.50, 3.94
17:10:20 rage rep 2 start:  17:10:20 up 35 days, 19:30,  7 users,  load average: 5.37, 4.50, 3.94
17:16:38 rage rep 2 end:    17:16:38 up 35 days, 19:37,  7 users,  load average: 4.87, 3.91, 3.72
17:16:38 sinatra rep 2 start:  17:16:38 up 35 days, 19:37,  7 users,  load average: 4.87, 3.91, 3.72
17:22:57 sinatra rep 2 end:    17:22:57 up 35 days, 19:43,  7 users,  load average: 4.10, 3.43, 3.47
17:22:57 rails-opt rep 2 start:  17:22:57 up 35 days, 19:43,  7 users,  load average: 4.10, 3.43, 3.47
17:29:13 rails-opt rep 2 end:    17:29:13 up 35 days, 19:49,  7 users,  load average: 5.08, 4.17, 3.68
17:29:13 reference rep 2 start:  17:29:13 up 35 days, 19:49,  7 users,  load average: 5.08, 4.17, 3.68
17:35:37 reference rep 2 end:    17:35:37 up 35 days, 19:56,  7 users,  load average: 4.21, 3.87, 3.58
17:35:37 reference rep 3 start:  17:35:37 up 35 days, 19:56,  7 users,  load average: 4.21, 3.87, 3.58
17:41:53 reference rep 3 end:    17:41:53 up 35 days, 20:02,  7 users,  load average: 3.86, 3.55, 3.44
17:41:53 rails-opt rep 3 start:  17:41:53 up 35 days, 20:02,  7 users,  load average: 3.86, 3.55, 3.44
17:47:59 rails-opt rep 3 end:    17:47:59 up 35 days, 20:08,  7 users,  load average: 5.24, 4.29, 3.72
17:47:59 sinatra rep 3 start:  17:47:59 up 35 days, 20:08,  7 users,  load average: 5.24, 4.29, 3.72
17:54:20 sinatra rep 3 end:    17:54:20 up 35 days, 20:14,  7 users,  load average: 3.72, 3.45, 3.43
17:54:20 rage rep 3 start:  17:54:20 up 35 days, 20:14,  7 users,  load average: 3.72, 3.45, 3.43
18:00:18 rage rep 3 end:    18:00:18 up 35 days, 20:20,  7 users,  load average: 4.58, 3.49, 3.36
18:00:18 rust rep 3 start:  18:00:18 up 35 days, 20:20,  7 users,  load average: 4.58, 3.49, 3.36
18:06:24 rust rep 3 end:    18:06:24 up 35 days, 20:27,  7 users,  load average: 6.09, 4.64, 3.79
